// Jest Snapshot v1, https://goo.gl/fbAQLP

exports[`ArchetypeMakerContainer is a renderable component 1`] = `
<h1>
  hi
</h1>
`;
